Archive member included to satisfy reference by file (symbol)

e:/microchip/7.0/toolchain/avr8/avr8-gnu-toolchain/bin/../lib/gcc/avr/5.4.0/avr5\libgcc.a(_exit.o)
                              E:/Microchip/7.0/Packs/atmel/ATmega_DFP/1.4.351/gcc/dev/atmega328p/avr5/crtatmega328p.o (exit)
e:/microchip/7.0/toolchain/avr8/avr8-gnu-toolchain/bin/../lib/gcc/avr/5.4.0/avr5\libgcc.a(_copy_data.o)
                              main.o (__do_copy_data)
e:/microchip/7.0/toolchain/avr8/avr8-gnu-toolchain/bin/../lib/gcc/avr/5.4.0/avr5\libgcc.a(_clear_bss.o)
                              main.o (__do_clear_bss)

Discarded input sections

 .data          0x00000000        0x0 E:/Microchip/7.0/Packs/atmel/ATmega_DFP/1.4.351/gcc/dev/atmega328p/avr5/crtatmega328p.o
 .bss           0x00000000        0x0 E:/Microchip/7.0/Packs/atmel/ATmega_DFP/1.4.351/gcc/dev/atmega328p/avr5/crtatmega328p.o
 .text          0x00000000        0x0 init_ADC.o
 .data          0x00000000        0x0 init_ADC.o
 .bss           0x00000000        0x0 init_ADC.o
 .text          0x00000000        0x0 init_Counter0_PWM.o
 .data          0x00000000        0x0 init_Counter0_PWM.o
 .bss           0x00000000        0x0 init_Counter0_PWM.o
 .text          0x00000000        0x0 init_Counter1_PWM.o
 .data          0x00000000        0x0 init_Counter1_PWM.o
 .bss           0x00000000        0x0 init_Counter1_PWM.o
 .text          0x00000000        0x0 init_Counter2_PWM.o
 .data          0x00000000        0x0 init_Counter2_PWM.o
 .bss           0x00000000        0x0 init_Counter2_PWM.o
 .text          0x00000000        0x0 init_Interrupts.o
 .data          0x00000000        0x0 init_Interrupts.o
 .bss           0x00000000        0x0 init_Interrupts.o
 .text          0x00000000        0x0 init_Test_LED.o
 .data          0x00000000        0x0 init_Test_LED.o
 .bss           0x00000000        0x0 init_Test_LED.o
 .text.init_Test_LED
                0x00000000        0x4 init_Test_LED.o
 .text.set_Test_LED
                0x00000000        0xc init_Test_LED.o
 .debug_info    0x00000000       0xb7 init_Test_LED.o
 .debug_abbrev  0x00000000       0x7a init_Test_LED.o
 .debug_loc     0x00000000       0x21 init_Test_LED.o
 .debug_aranges
                0x00000000       0x28 init_Test_LED.o
 .debug_ranges  0x00000000       0x18 init_Test_LED.o
 .debug_line    0x00000000       0xbb init_Test_LED.o
 .debug_str     0x00000000      0x1a4 init_Test_LED.o
 .comment       0x00000000       0x31 init_Test_LED.o
 .debug_frame   0x00000000       0x34 init_Test_LED.o
 .text          0x00000000        0x0 main.o
 .data          0x00000000        0x0 main.o
 .bss           0x00000000        0x0 main.o
 .data.SweepSpeed
                0x00000000        0x2 main.o
 .text          0x00000000        0x0 e:/microchip/7.0/toolchain/avr8/avr8-gnu-toolchain/bin/../lib/gcc/avr/5.4.0/avr5\libgcc.a(_exit.o)
 .data          0x00000000        0x0 e:/microchip/7.0/toolchain/avr8/avr8-gnu-toolchain/bin/../lib/gcc/avr/5.4.0/avr5\libgcc.a(_exit.o)
 .bss           0x00000000        0x0 e:/microchip/7.0/toolchain/avr8/avr8-gnu-toolchain/bin/../lib/gcc/avr/5.4.0/avr5\libgcc.a(_exit.o)
 .text.libgcc.mul
                0x00000000        0x0 e:/microchip/7.0/toolchain/avr8/avr8-gnu-toolchain/bin/../lib/gcc/avr/5.4.0/avr5\libgcc.a(_exit.o)
 .text.libgcc.div
                0x00000000        0x0 e:/microchip/7.0/toolchain/avr8/avr8-gnu-toolchain/bin/../lib/gcc/avr/5.4.0/avr5\libgcc.a(_exit.o)
 .text.libgcc   0x00000000        0x0 e:/microchip/7.0/toolchain/avr8/avr8-gnu-toolchain/bin/../lib/gcc/avr/5.4.0/avr5\libgcc.a(_exit.o)
 .text.libgcc.prologue
                0x00000000        0x0 e:/microchip/7.0/toolchain/avr8/avr8-gnu-toolchain/bin/../lib/gcc/avr/5.4.0/avr5\libgcc.a(_exit.o)
 .text.libgcc.builtins
                0x00000000        0x0 e:/microchip/7.0/toolchain/avr8/avr8-gnu-toolchain/bin/../lib/gcc/avr/5.4.0/avr5\libgcc.a(_exit.o)
 .text.libgcc.fmul
                0x00000000        0x0 e:/microchip/7.0/toolchain/avr8/avr8-gnu-toolchain/bin/../lib/gcc/avr/5.4.0/avr5\libgcc.a(_exit.o)
 .text.libgcc.fixed
                0x00000000        0x0 e:/microchip/7.0/toolchain/avr8/avr8-gnu-toolchain/bin/../lib/gcc/avr/5.4.0/avr5\libgcc.a(_exit.o)
 .text          0x00000000        0x0 e:/microchip/7.0/toolchain/avr8/avr8-gnu-toolchain/bin/../lib/gcc/avr/5.4.0/avr5\libgcc.a(_copy_data.o)
 .data          0x00000000        0x0 e:/microchip/7.0/toolchain/avr8/avr8-gnu-toolchain/bin/../lib/gcc/avr/5.4.0/avr5\libgcc.a(_copy_data.o)
 .bss           0x00000000        0x0 e:/microchip/7.0/toolchain/avr8/avr8-gnu-toolchain/bin/../lib/gcc/avr/5.4.0/avr5\libgcc.a(_copy_data.o)
 .text.libgcc.mul
                0x00000000        0x0 e:/microchip/7.0/toolchain/avr8/avr8-gnu-toolchain/bin/../lib/gcc/avr/5.4.0/avr5\libgcc.a(_copy_data.o)
 .text.libgcc.div
                0x00000000        0x0 e:/microchip/7.0/toolchain/avr8/avr8-gnu-toolchain/bin/../lib/gcc/avr/5.4.0/avr5\libgcc.a(_copy_data.o)
 .text.libgcc   0x00000000        0x0 e:/microchip/7.0/toolchain/avr8/avr8-gnu-toolchain/bin/../lib/gcc/avr/5.4.0/avr5\libgcc.a(_copy_data.o)
 .text.libgcc.prologue
                0x00000000        0x0 e:/microchip/7.0/toolchain/avr8/avr8-gnu-toolchain/bin/../lib/gcc/avr/5.4.0/avr5\libgcc.a(_copy_data.o)
 .text.libgcc.builtins
                0x00000000        0x0 e:/microchip/7.0/toolchain/avr8/avr8-gnu-toolchain/bin/../lib/gcc/avr/5.4.0/avr5\libgcc.a(_copy_data.o)
 .text.libgcc.fmul
                0x00000000        0x0 e:/microchip/7.0/toolchain/avr8/avr8-gnu-toolchain/bin/../lib/gcc/avr/5.4.0/avr5\libgcc.a(_copy_data.o)
 .text.libgcc.fixed
                0x00000000        0x0 e:/microchip/7.0/toolchain/avr8/avr8-gnu-toolchain/bin/../lib/gcc/avr/5.4.0/avr5\libgcc.a(_copy_data.o)
 .text          0x00000000        0x0 e:/microchip/7.0/toolchain/avr8/avr8-gnu-toolchain/bin/../lib/gcc/avr/5.4.0/avr5\libgcc.a(_clear_bss.o)
 .data          0x00000000        0x0 e:/microchip/7.0/toolchain/avr8/avr8-gnu-toolchain/bin/../lib/gcc/avr/5.4.0/avr5\libgcc.a(_clear_bss.o)
 .bss           0x00000000        0x0 e:/microchip/7.0/toolchain/avr8/avr8-gnu-toolchain/bin/../lib/gcc/avr/5.4.0/avr5\libgcc.a(_clear_bss.o)
 .text.libgcc.mul
                0x00000000        0x0 e:/microchip/7.0/toolchain/avr8/avr8-gnu-toolchain/bin/../lib/gcc/avr/5.4.0/avr5\libgcc.a(_clear_bss.o)
 .text.libgcc.div
                0x00000000        0x0 e:/microchip/7.0/toolchain/avr8/avr8-gnu-toolchain/bin/../lib/gcc/avr/5.4.0/avr5\libgcc.a(_clear_bss.o)
 .text.libgcc   0x00000000        0x0 e:/microchip/7.0/toolchain/avr8/avr8-gnu-toolchain/bin/../lib/gcc/avr/5.4.0/avr5\libgcc.a(_clear_bss.o)
 .text.libgcc.prologue
                0x00000000        0x0 e:/microchip/7.0/toolchain/avr8/avr8-gnu-toolchain/bin/../lib/gcc/avr/5.4.0/avr5\libgcc.a(_clear_bss.o)
 .text.libgcc.builtins
                0x00000000        0x0 e:/microchip/7.0/toolchain/avr8/avr8-gnu-toolchain/bin/../lib/gcc/avr/5.4.0/avr5\libgcc.a(_clear_bss.o)
 .text.libgcc.fmul
                0x00000000        0x0 e:/microchip/7.0/toolchain/avr8/avr8-gnu-toolchain/bin/../lib/gcc/avr/5.4.0/avr5\libgcc.a(_clear_bss.o)
 .text.libgcc.fixed
                0x00000000        0x0 e:/microchip/7.0/toolchain/avr8/avr8-gnu-toolchain/bin/../lib/gcc/avr/5.4.0/avr5\libgcc.a(_clear_bss.o)

Memory Configuration

Name             Origin             Length             Attributes
text             0x00000000         0x00008000         xr
data             0x00800100         0x00000800         rw !x
eeprom           0x00810000         0x00000400         rw !x
fuse             0x00820000         0x00000003         rw !x
lock             0x00830000         0x00000400         rw !x
signature        0x00840000         0x00000400         rw !x
user_signatures  0x00850000         0x00000400         rw !x
*default*        0x00000000         0xffffffff

Linker script and memory map

Address of section .data set to 0x800100
LOAD E:/Microchip/7.0/Packs/atmel/ATmega_DFP/1.4.351/gcc/dev/atmega328p/avr5/crtatmega328p.o
LOAD init_ADC.o
LOAD init_Counter0_PWM.o
LOAD init_Counter1_PWM.o
LOAD init_Counter2_PWM.o
LOAD init_Interrupts.o
LOAD init_Test_LED.o
LOAD main.o
START GROUP
LOAD e:/microchip/7.0/toolchain/avr8/avr8-gnu-toolchain/bin/../lib/gcc/avr/5.4.0/../../../../avr/lib/avr5\libm.a
END GROUP
START GROUP
LOAD e:/microchip/7.0/toolchain/avr8/avr8-gnu-toolchain/bin/../lib/gcc/avr/5.4.0/avr5\libgcc.a
LOAD e:/microchip/7.0/toolchain/avr8/avr8-gnu-toolchain/bin/../lib/gcc/avr/5.4.0/../../../../avr/lib/avr5\libm.a
LOAD e:/microchip/7.0/toolchain/avr8/avr8-gnu-toolchain/bin/../lib/gcc/avr/5.4.0/../../../../avr/lib/avr5\libc.a
LOAD E:/Microchip/7.0/Packs/atmel/ATmega_DFP/1.4.351/gcc/dev/atmega328p/avr5\libatmega328p.a
END GROUP
                0x00000000                __TEXT_REGION_ORIGIN__ = DEFINED (__TEXT_REGION_ORIGIN__)?__TEXT_REGION_ORIGIN__:0x0
                [0x00800100]                __DATA_REGION_ORIGIN__ = DEFINED (__DATA_REGION_ORIGIN__)?__DATA_REGION_ORIGIN__:0x800060
                [0x00008000]                __TEXT_REGION_LENGTH__ = DEFINED (__TEXT_REGION_LENGTH__)?__TEXT_REGION_LENGTH__:0x20000
                [0x00000800]                __DATA_REGION_LENGTH__ = DEFINED (__DATA_REGION_LENGTH__)?__DATA_REGION_LENGTH__:0xffa0
                [0x00000400]                __EEPROM_REGION_LENGTH__ = DEFINED (__EEPROM_REGION_LENGTH__)?__EEPROM_REGION_LENGTH__:0x10000
                [0x00000003]                __FUSE_REGION_LENGTH__ = DEFINED (__FUSE_REGION_LENGTH__)?__FUSE_REGION_LENGTH__:0x400
                0x00000400                __LOCK_REGION_LENGTH__ = DEFINED (__LOCK_REGION_LENGTH__)?__LOCK_REGION_LENGTH__:0x400
                0x00000400                __SIGNATURE_REGION_LENGTH__ = DEFINED (__SIGNATURE_REGION_LENGTH__)?__SIGNATURE_REGION_LENGTH__:0x400
                0x00000400                __USER_SIGNATURE_REGION_LENGTH__ = DEFINED (__USER_SIGNATURE_REGION_LENGTH__)?__USER_SIGNATURE_REGION_LENGTH__:0x400

.hash
 *(.hash)

.dynsym
 *(.dynsym)

.dynstr
 *(.dynstr)

.gnu.version
 *(.gnu.version)

.gnu.version_d
 *(.gnu.version_d)

.gnu.version_r
 *(.gnu.version_r)

.rel.init
 *(.rel.init)

.rela.init
 *(.rela.init)

.rel.text
 *(.rel.text)
 *(.rel.text.*)
 *(.rel.gnu.linkonce.t*)

.rela.text
 *(.rela.text)
 *(.rela.text.*)
 *(.rela.gnu.linkonce.t*)

.rel.fini
 *(.rel.fini)

.rela.fini
 *(.rela.fini)

.rel.rodata
 *(.rel.rodata)
 *(.rel.rodata.*)
 *(.rel.gnu.linkonce.r*)

.rela.rodata
 *(.rela.rodata)
 *(.rela.rodata.*)
 *(.rela.gnu.linkonce.r*)

.rel.data
 *(.rel.data)
 *(.rel.data.*)
 *(.rel.gnu.linkonce.d*)

.rela.data
 *(.rela.data)
 *(.rela.data.*)
 *(.rela.gnu.linkonce.d*)

.rel.ctors
 *(.rel.ctors)

.rela.ctors
 *(.rela.ctors)

.rel.dtors
 *(.rel.dtors)

.rela.dtors
 *(.rela.dtors)

.rel.got
 *(.rel.got)

.rela.got
 *(.rela.got)

.rel.bss
 *(.rel.bss)

.rela.bss
 *(.rela.bss)

.rel.plt
 *(.rel.plt)

.rela.plt
 *(.rela.plt)

.text           0x00000000      0x688
 *(.vectors)
 .vectors       0x00000000       0x68 E:/Microchip/7.0/Packs/atmel/ATmega_DFP/1.4.351/gcc/dev/atmega328p/avr5/crtatmega328p.o
                0x00000000                __vector_default
                0x00000000                __vectors
 *(.vectors)
 *(.progmem.gcc*)
                0x00000068                . = ALIGN (0x2)
                0x00000068                __trampolines_start = .
 *(.trampolines)
 .trampolines   0x00000068        0x0 linker stubs
 *(.trampolines*)
                0x00000068                __trampolines_end = .
 *libprintf_flt.a:*(.progmem.data)
 *libc.a:*(.progmem.data)
 *(.progmem*)
                0x00000068                . = ALIGN (0x2)
 *(.jumptables)
 *(.jumptables*)
 *(.lowtext)
 *(.lowtext*)
                0x00000068                __ctors_start = .
 *(.ctors)
                0x00000068                __ctors_end = .
                0x00000068                __dtors_start = .
 *(.dtors)
                0x00000068                __dtors_end = .
 SORT(*)(.ctors)
 SORT(*)(.dtors)
 *(.init0)
 .init0         0x00000068        0x0 E:/Microchip/7.0/Packs/atmel/ATmega_DFP/1.4.351/gcc/dev/atmega328p/avr5/crtatmega328p.o
                0x00000068                __init
 *(.init0)
 *(.init1)
 *(.init1)
 *(.init2)
 .init2         0x00000068        0xc E:/Microchip/7.0/Packs/atmel/ATmega_DFP/1.4.351/gcc/dev/atmega328p/avr5/crtatmega328p.o
 *(.init2)
 *(.init3)
 *(.init3)
 *(.init4)
 .init4         0x00000074       0x16 e:/microchip/7.0/toolchain/avr8/avr8-gnu-toolchain/bin/../lib/gcc/avr/5.4.0/avr5\libgcc.a(_copy_data.o)
                0x00000074                __do_copy_data
 .init4         0x0000008a       0x10 e:/microchip/7.0/toolchain/avr8/avr8-gnu-toolchain/bin/../lib/gcc/avr/5.4.0/avr5\libgcc.a(_clear_bss.o)
                0x0000008a                __do_clear_bss
 *(.init4)
 *(.init5)
 *(.init5)
 *(.init6)
 *(.init6)
 *(.init7)
 *(.init7)
 *(.init8)
 *(.init8)
 *(.init9)
 .init9         0x0000009a        0x8 E:/Microchip/7.0/Packs/atmel/ATmega_DFP/1.4.351/gcc/dev/atmega328p/avr5/crtatmega328p.o
 *(.init9)
 *(.text)
 .text          0x000000a2        0x4 E:/Microchip/7.0/Packs/atmel/ATmega_DFP/1.4.351/gcc/dev/atmega328p/avr5/crtatmega328p.o
                0x000000a2                __vector_22
                0x000000a2                __vector_24
                0x000000a2                __vector_12
                0x000000a2                __bad_interrupt
                0x000000a2                __vector_6
                0x000000a2                __vector_3
                0x000000a2                __vector_23
                0x000000a2                __vector_25
                0x000000a2                __vector_11
                0x000000a2                __vector_13
                0x000000a2                __vector_17
                0x000000a2                __vector_19
                0x000000a2                __vector_7
                0x000000a2                __vector_5
                0x000000a2                __vector_4
                0x000000a2                __vector_9
                0x000000a2                __vector_2
                0x000000a2                __vector_21
                0x000000a2                __vector_15
                0x000000a2                __vector_8
                0x000000a2                __vector_14
                0x000000a2                __vector_10
                0x000000a2                __vector_16
                0x000000a2                __vector_18
                0x000000a2                __vector_20
                0x000000a6                . = ALIGN (0x2)
 *(.text.*)
 .text.init_ADC
                0x000000a6       0x7e init_ADC.o
                0x000000a6                init_ADC
 .text.readADC  0x00000124       0x24 init_ADC.o
                0x00000124                readADC
 .text.init_Counter0_PWM
                0x00000148       0x6c init_Counter0_PWM.o
                0x00000148                init_Counter0_PWM
 .text.init_Counter1_PWM
                0x000001b4       0xa4 init_Counter1_PWM.o
                0x000001b4                init_Counter1_PWM
 .text.init_Counter2_PWM
                0x00000258       0x74 init_Counter2_PWM.o
                0x00000258                init_Counter2_PWM
 .text.init_Interrupts
                0x000002cc       0xd0 init_Interrupts.o
                0x000002cc                init_Interrupts
 .text.init     0x0000039c       0x16 main.o
                0x0000039c                init
 .text.testLoop
                0x000003b2       0x20 main.o
                0x000003b2                testLoop
 .text.readPotis
                0x000003d2       0x2a main.o
                0x000003d2                readPotis
 .text.RGBSweep
                0x000003fc      0x110 main.o
                0x000003fc                RGBSweep
 .text.LEDSweep
                0x0000050c       0x60 main.o
                0x0000050c                LEDSweep
 .text.main     0x0000056c       0xf0 main.o
                0x0000056c                main
 .text.__vector_1
                0x0000065c       0x28 main.o
                0x0000065c                __vector_1
                0x00000684                . = ALIGN (0x2)
 *(.fini9)
 .fini9         0x00000684        0x0 e:/microchip/7.0/toolchain/avr8/avr8-gnu-toolchain/bin/../lib/gcc/avr/5.4.0/avr5\libgcc.a(_exit.o)
                0x00000684                _exit
                0x00000684                exit
 *(.fini9)
 *(.fini8)
 *(.fini8)
 *(.fini7)
 *(.fini7)
 *(.fini6)
 *(.fini6)
 *(.fini5)
 *(.fini5)
 *(.fini4)
 *(.fini4)
 *(.fini3)
 *(.fini3)
 *(.fini2)
 *(.fini2)
 *(.fini1)
 *(.fini1)
 *(.fini0)
 .fini0         0x00000684        0x4 e:/microchip/7.0/toolchain/avr8/avr8-gnu-toolchain/bin/../lib/gcc/avr/5.4.0/avr5\libgcc.a(_exit.o)
 *(.fini0)
                0x00000688                _etext = .

.data           0x00800100        0x8 load address 0x00000688
                0x00800100                PROVIDE (__data_start, .)
 *(.data)
 *(.data*)
 .data.LEDUp    0x00800100        0x1 main.o
                0x00800100                LEDUp
 .data.BDown    0x00800101        0x1 main.o
                0x00800101                BDown
 .data.RUp      0x00800102        0x1 main.o
                0x00800102                RUp
 .data.ValueLED
                0x00800103        0x1 main.o
                0x00800103                ValueLED
 .data.ValueB   0x00800104        0x1 main.o
                0x00800104                ValueB
 .data.ValueG   0x00800105        0x1 main.o
                0x00800105                ValueG
 .data.ValueR   0x00800106        0x1 main.o
                0x00800106                ValueR
 .data.PotiSys  0x00800107        0x1 main.o
                0x00800107                PotiSys
 *(.gnu.linkonce.d*)
 *(.rodata)
 *(.rodata*)
 *(.gnu.linkonce.r*)
                0x00800108                . = ALIGN (0x2)
                0x00800108                _edata = .
                0x00800108                PROVIDE (__data_end, .)

.bss            0x00800108        0xb
                0x00800108                PROVIDE (__bss_start, .)
 *(.bss)
 *(.bss*)
 .bss.GDown     0x00800108        0x1 main.o
                0x00800108                GDown
 .bss.RDown     0x00800109        0x1 main.o
                0x00800109                RDown
 .bss.BUp       0x0080010a        0x1 main.o
                0x0080010a                BUp
 .bss.GUp       0x0080010b        0x1 main.o
                0x0080010b                GUp
 .bss.Int_Counter
                0x0080010c        0x1 main.o
                0x0080010c                Int_Counter
 .bss.LEDSweepPrescaleCounter
                0x0080010d        0x1 main.o
                0x0080010d                LEDSweepPrescaleCounter
 .bss.PotiB     0x0080010e        0x1 main.o
                0x0080010e                PotiB
 .bss.PotiG     0x0080010f        0x1 main.o
                0x0080010f                PotiG
 .bss.PotiR     0x00800110        0x1 main.o
                0x00800110                PotiR
 .bss.change_Mode
                0x00800111        0x1 main.o
                0x00800111                change_Mode
 .bss.lMode     0x00800112        0x1 main.o
                0x00800112                lMode
 *(COMMON)
                0x00800113                PROVIDE (__bss_end, .)
                0x00000688                __data_load_start = LOADADDR (.data)
                0x00000690                __data_load_end = (__data_load_start + SIZEOF (.data))

.noinit         0x00800113        0x0
                [!provide]                PROVIDE (__noinit_start, .)
 *(.noinit*)
                [!provide]                PROVIDE (__noinit_end, .)
                0x00800113                _end = .
                [!provide]                PROVIDE (__heap_start, .)

.eeprom         0x00810000        0x0
 *(.eeprom*)
                0x00810000                __eeprom_end = .

.fuse
 *(.fuse)
 *(.lfuse)
 *(.hfuse)
 *(.efuse)

.lock
 *(.lock*)

.signature
 *(.signature*)

.user_signatures
 *(.user_signatures*)

.stab
 *(.stab)

.stabstr
 *(.stabstr)

.stab.excl
 *(.stab.excl)

.stab.exclstr
 *(.stab.exclstr)

.stab.index
 *(.stab.index)

.stab.indexstr
 *(.stab.indexstr)

.comment        0x00000000       0x30
 *(.comment)
 .comment       0x00000000       0x30 init_ADC.o
                                 0x31 (size before relaxing)
 .comment       0x00000030       0x31 init_Counter0_PWM.o
 .comment       0x00000030       0x31 init_Counter1_PWM.o
 .comment       0x00000030       0x31 init_Counter2_PWM.o
 .comment       0x00000030       0x31 init_Interrupts.o
 .comment       0x00000030       0x31 main.o

.note.gnu.avr.deviceinfo
                0x00000000       0x40
 .note.gnu.avr.deviceinfo
                0x00000000       0x40 E:/Microchip/7.0/Packs/atmel/ATmega_DFP/1.4.351/gcc/dev/atmega328p/avr5/crtatmega328p.o

.note.gnu.build-id
 *(.note.gnu.build-id)

.debug
 *(.debug)

.line
 *(.line)

.debug_srcinfo
 *(.debug_srcinfo)

.debug_sfnames
 *(.debug_sfnames)

.debug_aranges  0x00000000       0xf8
 *(.debug_aranges)
 .debug_aranges
                0x00000000       0x28 init_ADC.o
 .debug_aranges
                0x00000028       0x20 init_Counter0_PWM.o
 .debug_aranges
                0x00000048       0x20 init_Counter1_PWM.o
 .debug_aranges
                0x00000068       0x20 init_Counter2_PWM.o
 .debug_aranges
                0x00000088       0x20 init_Interrupts.o
 .debug_aranges
                0x000000a8       0x50 main.o

.debug_pubnames
 *(.debug_pubnames)

.debug_info     0x00000000      0xd9c
 *(.debug_info .gnu.linkonce.wi.*)
 .debug_info    0x00000000      0x5f4 E:/Microchip/7.0/Packs/atmel/ATmega_DFP/1.4.351/gcc/dev/atmega328p/avr5/crtatmega328p.o
 .debug_info    0x000005f4       0xbe init_ADC.o
 .debug_info    0x000006b2       0x82 init_Counter0_PWM.o
 .debug_info    0x00000734       0x8d init_Counter1_PWM.o
 .debug_info    0x000007c1       0x82 init_Counter2_PWM.o
 .debug_info    0x00000843       0x82 init_Interrupts.o
 .debug_info    0x000008c5      0x4d7 main.o

.debug_abbrev   0x00000000      0x8e1
 *(.debug_abbrev)
 .debug_abbrev  0x00000000      0x5a2 E:/Microchip/7.0/Packs/atmel/ATmega_DFP/1.4.351/gcc/dev/atmega328p/avr5/crtatmega328p.o
 .debug_abbrev  0x000005a2       0x89 init_ADC.o
 .debug_abbrev  0x0000062b       0x4f init_Counter0_PWM.o
 .debug_abbrev  0x0000067a       0x4f init_Counter1_PWM.o
 .debug_abbrev  0x000006c9       0x4f init_Counter2_PWM.o
 .debug_abbrev  0x00000718       0x4f init_Interrupts.o
 .debug_abbrev  0x00000767      0x17a main.o

.debug_line     0x00000000      0xb3a
 *(.debug_line .debug_line.* .debug_line_end)
 .debug_line    0x00000000      0x134 E:/Microchip/7.0/Packs/atmel/ATmega_DFP/1.4.351/gcc/dev/atmega328p/avr5/crtatmega328p.o
 .debug_line    0x00000134      0x132 init_ADC.o
 .debug_line    0x00000266      0x109 init_Counter0_PWM.o
 .debug_line    0x0000036f      0x121 init_Counter1_PWM.o
 .debug_line    0x00000490       0xfd init_Counter2_PWM.o
 .debug_line    0x0000058d      0x155 init_Interrupts.o
 .debug_line    0x000006e2      0x458 main.o

.debug_frame    0x00000000      0x158
 *(.debug_frame)
 .debug_frame   0x00000000       0x34 init_ADC.o
 .debug_frame   0x00000034       0x24 init_Counter0_PWM.o
 .debug_frame   0x00000058       0x24 init_Counter1_PWM.o
 .debug_frame   0x0000007c       0x24 init_Counter2_PWM.o
 .debug_frame   0x000000a0       0x24 init_Interrupts.o
 .debug_frame   0x000000c4       0x94 main.o

.debug_str      0x00000000      0x544
 *(.debug_str)
 .debug_str     0x00000000      0x208 E:/Microchip/7.0/Packs/atmel/ATmega_DFP/1.4.351/gcc/dev/atmega328p/avr5/crtatmega328p.o
 .debug_str     0x00000208      0x163 init_ADC.o
                                0x197 (size before relaxing)
 .debug_str     0x0000036b       0x2b init_Counter0_PWM.o
                                0x192 (size before relaxing)
 .debug_str     0x00000396       0x34 init_Counter1_PWM.o
                                0x19b (size before relaxing)
 .debug_str     0x000003ca       0x2b init_Counter2_PWM.o
                                0x192 (size before relaxing)
 .debug_str     0x000003f5       0x27 init_Interrupts.o
                                0x18e (size before relaxing)
 .debug_str     0x0000041c      0x128 main.o
                                0x2f4 (size before relaxing)

.debug_loc      0x00000000      0x17b
 *(.debug_loc)
 .debug_loc     0x00000000       0x21 init_ADC.o
 .debug_loc     0x00000021      0x15a main.o

.debug_macinfo
 *(.debug_macinfo)

.debug_weaknames
 *(.debug_weaknames)

.debug_funcnames
 *(.debug_funcnames)

.debug_typenames
 *(.debug_typenames)

.debug_varnames
 *(.debug_varnames)

.debug_pubtypes
 *(.debug_pubtypes)

.debug_ranges   0x00000000       0x98
 *(.debug_ranges)
 .debug_ranges  0x00000000       0x18 init_ADC.o
 .debug_ranges  0x00000018       0x10 init_Counter0_PWM.o
 .debug_ranges  0x00000028       0x10 init_Counter1_PWM.o
 .debug_ranges  0x00000038       0x10 init_Counter2_PWM.o
 .debug_ranges  0x00000048       0x10 init_Interrupts.o
 .debug_ranges  0x00000058       0x40 main.o

.debug_macro
 *(.debug_macro)
OUTPUT(Scheinwerfer_Dirk.elf elf32-avr)
LOAD linker stubs
